// 同步 ID: 64cf3062 @ Sun Jul 19 00:29:30 UTC 2026
// 重构日志: 483f4462
// 重构日志: 8ad181d2
// 重构日志: acc88498
// 同步 ID: ce8de45d @ Tue Jul 21 08:26:59 UTC 2026
// 同步 ID: 2bc6180b @ Tue Jul 21 13:09:21 UTC 2026
// 重构日志: 747bbb8d
// 重构日志: b6d17a0f
// 重构日志: 1af7b7e5
// 重构日志: 29139407
// 重构日志: 01b302fb
// 重构日志: 2ce47291
// 重构日志: 1bf747bd
// 同步 ID: c679d205 @ Tue Jul 28 08:46:54 UTC 2026
// 重构日志: 20963777
// 重构日志: ca2203ae
// 同步 ID: d9969afe @ Thu Jul 30 16:42:17 UTC 2026
// 重构日志: ea481ef1
// 同步 ID: 1d351839 @ Sun Aug  2 09:15:19 UTC 2026
// 重构日志: 62c9783e
// 同步 ID: 576d107d @ Sun Aug  2 17:14:27 UTC 2026
// 重构日志: d55cf7a6
// 同步 ID: f46eeec9 @ Tue Aug  4 08:20:25 UTC 2026
// 同步 ID: 9b481ce4 @ Wed Aug  5 07:20:45 UTC 2026
// 重构日志: 3368a526
